global1 : int = 3;
global2 : int = true;
global3 : int = "hello";
global4 : int = false;
main : () void {
    return;
}
g1 : int;
g2 : immutable int;
g3 : int[5];
g4 : immutable int[3];
g5 : bool;
g6 : file;
g7 : int = 42;
g8 : bool = true;
g9 : bool = [true,42,false,"hello"];
zero : () int {
    return 0;
}
add : (x : int, y : int) int {
    return x + y;
}
get : (arr : int[5], i : int) int {
    return arr[i];
}
firstOfImm : (v : immutable int[3]) int {
    return v[0];
}
callZero : () int {
    return zero();
}
useGlobals : () int {
    ... g7;
    return get(g3, 1);
}
math : (a : int) int {
    return (-((a + (3 * 4)) - 2)) / 2;
}
isEqOrLess : (a : int, b : int) bool {
    return (a < b) or (a == b);
}
cmp2 : (a : int, b : int, c : int) bool {
    return (a > b) and (a <= c);
}
notEq : (a : int, b : int) bool {
    return !(a == b);
}
indexChain : (a : int[5]) int {
    return a[2];
}
main : () void {
    return ((\\(-o-)//) + 1) * 2;
}